// Jest Snapshot v1, https://goo.gl/fbAQLP

exports[`ItemList component matches snapshot 1`] = `
<DocumentFragment>
  <h2>
    How irregular! This warehouse has no items in it. ðŸ¤”
  </h2>
</DocumentFragment>
`;
