// Jest Snapshot v1, https://goo.gl/fbAQLP

exports[`RegularVideo component matches snapshot 1`] = `
<DocumentFragment>
  <video
    class="regular-video-invisible"
    id="regular-video"
  >
    <source
      src="./video/irregular-warehouse.mp4"
    />
  </video>
</DocumentFragment>
`;
