// Jest Snapshot v1, https://goo.gl/fbAQLP

exports[`Header component matches snapshot 1`] = `
<DocumentFragment>
  <header
    class="bg-secondary"
  >
    <h1>
      ðŸ“¦ Regular Warehouse.
    </h1>
    <a
      href="/"
    >
      Log Out
    </a>
  </header>
</DocumentFragment>
`;
